// Jest Snapshot v1, https://goo.gl/fbAQLP

exports[`should render CreateIntervalPage correctly 1`] = `
<div>
  <div>
    <div>
      <button
        id="saveInterval"
      >
        Save
      </button>
      <label
        for="intervalName"
      >
        Name
      </label>
      <input
        id="intervalName"
        placeholder="name"
        type="text"
        value=""
      />
      <div>
        <form>
          <label
            for="stepType"
          >
            Step Type
          </label>
          <select
            id="stepType"
          >
            <option
              value="Activity"
            >
              Activity
            </option>
            <option
              value="Rest"
            >
              Rest
            </option>
          </select>
          <label
            for="stepName"
          >
            Step Name
          </label>
          <input
            id="stepName"
            placeholder="Step name"
            type="text"
            value=""
          />
          <label
            for="stepDuration"
          >
            Step Duration
          </label>
          <input
            id="stepDuration"
            placeholder="Duration (seconds)"
            step="1"
            type="number"
            value="0"
          />
          <button>
            Add Step
          </button>
        </form>
      </div>
    </div>
  </div>
</div>
`;
