// Jest Snapshot v1, https://goo.gl/fbAQLP

exports[`IntervalListItem should render correctly 1`] = `
<div>
  <Link
    replace={false}
    to="/edit/2"
  >
    <h3>
      meditation focus
    </h3>
  </Link>
  <Link
    replace={false}
    to="/start/2"
  >
    <h3>
      Start
    </h3>
  </Link>
</div>
`;
