// Jest Snapshot v1, https://goo.gl/fbAQLP

exports[`should render LoadingPage correctly 1`] = `
<div>
  <div
    class="loader"
  >
    <img
      alt="Loading Animation"
      class="loader__image"
      src="images/loader.gif"
    />
  </div>
</div>
`;
