// Jest Snapshot v1, https://goo.gl/fbAQLP

exports[`should render LoginPage correctly 1`] = `
<div>
  <div
    class="box-layout"
  >
    <div
      class="box-layout__box"
    >
      <h1
        class="box-layout__title"
      >
        Boileplate
      </h1>
      <p>
        Tag line for app.
      </p>
      <button
        class="button"
      >
        Login with Google
      </button>
    </div>
  </div>
</div>
`;
